Copyright 1986-2018 Xilinx, Inc. All Rights Reserved.
----------------------------------------------------------------------------------------
| Tool Version : Vivado v.2018.3 (lin64) Build 2405991 Thu Dec  6 23:36:41 MST 2018
| Date         : Sun Feb  3 20:20:34 2019
| Host         : luminary running 64-bit unknown
| Command      : report_control_sets -verbose -file agc_monitor_control_sets_placed.rpt
| Design       : agc_monitor
| Device       : xc7z020
----------------------------------------------------------------------------------------

Control Set Information

Table of Contents
-----------------
1. Summary
2. Histogram
3. Flip-Flop Distribution
4. Detailed Control Set Information

1. Summary
----------

+----------------------------------------------------------+-------+
|                          Status                          | Count |
+----------------------------------------------------------+-------+
| Number of unique control sets                            |   168 |
| Unused register locations in slices containing registers |   574 |
+----------------------------------------------------------+-------+


2. Histogram
------------

+--------+--------------+
| Fanout | Control Sets |
+--------+--------------+
|      1 |           15 |
|      2 |           11 |
|      3 |           25 |
|      4 |            4 |
|      5 |           16 |
|      6 |            8 |
|      7 |           19 |
|      8 |            7 |
|      9 |            7 |
|     10 |            2 |
|     11 |            5 |
|     12 |           11 |
|     13 |            1 |
|     14 |            4 |
|     15 |            4 |
|    16+ |           29 |
+--------+--------------+


3. Flip-Flop Distribution
-------------------------

+--------------+-----------------------+------------------------+-----------------+--------------+
| Clock Enable | Synchronous Set/Reset | Asynchronous Set/Reset | Total Registers | Total Slices |
+--------------+-----------------------+------------------------+-----------------+--------------+
| No           | No                    | No                     |             152 |           41 |
| No           | No                    | Yes                    |             165 |           83 |
| No           | Yes                   | No                     |              12 |            4 |
| Yes          | No                    | No                     |               0 |            0 |
| Yes          | No                    | Yes                    |            1125 |          421 |
| Yes          | Yes                   | No                     |             116 |           25 |
+--------------+-----------------------+------------------------+-----------------+--------------+


4. Detailed Control Set Information
-----------------------------------

+-------------------+------------------------------------------------------------------------------------------------------------------------------+-------------------------------------------------------------------------------------------------------------------------------------------------+------------------+----------------+
|    Clock Signal   |                                                         Enable Signal                                                        |                                                                 Set/Reset Signal                                                                | Slice Load Count | Bel Load Count |
+-------------------+------------------------------------------------------------------------------------------------------------------------------+-------------------------------------------------------------------------------------------------------------------------------------------------+------------------+----------------+
|  clk_IBUF_BUFG    | mon_regs/reg_s/val_reg[1]_14[0]                                                                                              | usb_if/cmd_rx/rst_n                                                                                                                             |                1 |              1 |
|  clk_IBUF_BUFG    |                                                                                                                              | ctrl_regs/stop_conds[10]_i_2_n_0                                                                                                                |                1 |              1 |
|  clk_IBUF_BUFG    |                                                                                                                              | ctrl_regs/mnhrpt_i_2_n_0                                                                                                                        |                1 |              1 |
|  clk_IBUF_BUFG    | mon_chans/chan_10/E[0]                                                                                                       | mon_dsky/rst_n_0                                                                                                                                |                1 |              1 |
|  clkout_IBUF_BUFG | usb_if/cmd_rx/cmd_msg[39]_i_1_n_0                                                                                            | mon_chans/chan_10/rst_n                                                                                                                         |                1 |              1 |
|  clk_IBUF_BUFG    | cmd_ctrl/active_cmd_reg[16]_rep_3[0]                                                                                         | ctrl_regs/stop_conds[10]_i_2_n_0                                                                                                                |                1 |              1 |
|  clk_IBUF_BUFG    | mon_regs/reg_s/val_reg[1]_16[0]                                                                                              | usb_if/cmd_rx/rst_n                                                                                                                             |                1 |              1 |
|  clk_IBUF_BUFG    | ctrl_regs/wp0                                                                                                                | mon_regs/reg_b/rst_n                                                                                                                            |                1 |              1 |
|  clk_IBUF_BUFG    | mon_regs/reg_s/val_reg[1]_1[0]                                                                                               | usb_if/cmd_rx/rst_n                                                                                                                             |                1 |              1 |
|  clk_IBUF_BUFG    | mon_regs/reg_s/val_reg[1]_7[0]                                                                                               | usb_if/cmd_rx/rst_n                                                                                                                             |                1 |              1 |
|  clk_IBUF_BUFG    | mon_regs/reg_s/val_reg[1]_2[0]                                                                                               | usb_if/cmd_rx/rst_n                                                                                                                             |                1 |              1 |
|  clk_IBUF_BUFG    | cmd_ctrl/active_cmd_reg[17]_rep__0_6[0]                                                                                      | ctrl_regs/rst_n                                                                                                                                 |                1 |              1 |
|  clk_IBUF_BUFG    | mrgg_IBUF                                                                                                                    | mon_regs/reg_b/rst_n                                                                                                                            |                1 |              1 |
|  clk_IBUF_BUFG    | cmd_ctrl/active_cmd_reg[17]_rep__0_10[0]                                                                                     | ctrl_regs/rst_n                                                                                                                                 |                1 |              1 |
|  clk_IBUF_BUFG    | mon_regs/reg_s/val_reg[1]_0[0]                                                                                               | usb_if/cmd_rx/rst_n                                                                                                                             |                1 |              1 |
|  clk_IBUF_BUFG    | mon_chans/chan_10/val_reg[15]_2[0]                                                                                           | mon_chans/chan_10/rst_n                                                                                                                         |                1 |              2 |
|  clk_IBUF_BUFG    | cmd_ctrl/active_cmd_reg[17]_rep__0_2[0]                                                                                      | ctrl_regs/stop_conds[10]_i_2_n_0                                                                                                                |                1 |              2 |
|  clk_IBUF_BUFG    | cmd_ctrl/active_cmd_reg[17]_rep__0_2[0]                                                                                      | ctrl_regs/mnhrpt_i_2_n_0                                                                                                                        |                1 |              2 |
|  clk_IBUF_BUFG    | periph_insts/request[2]_i_1_n_0                                                                                              | usb_if/cmd_rx/rst_n                                                                                                                             |                1 |              2 |
|  clk_IBUF_BUFG    | mon_chans/chan_10/val_reg[14]_1[0]                                                                                           | mon_chans/chan_10/rst_n                                                                                                                         |                1 |              2 |
|  clk_IBUF_BUFG    | mon_chans/chan_10/val_reg[14]_0[0]                                                                                           | mon_chans/chan_10/rst_n                                                                                                                         |                1 |              2 |
|  clk_IBUF_BUFG    | ctrl_regs/w_times_reg[1]_0[0]                                                                                                | mon_regs/reg_q/rst_n                                                                                                                            |                1 |              2 |
|  clk_IBUF_BUFG    | mon_chans/chan_10/val_reg[13]_0[0]                                                                                           | mon_chans/chan_10/rst_n                                                                                                                         |                1 |              2 |
|  clkout_IBUF_BUFG |                                                                                                                              | usb_if/cmd_queue/U0/inst_fifo_gen/gconvfifo.rf/grf.rf/rstblk/rst_d2                                                                             |                1 |              2 |
|  clk_IBUF_BUFG    |                                                                                                                              | mon_regs/reg_q/rst_n                                                                                                                            |                2 |              2 |
|  clk_IBUF_BUFG    |                                                                                                                              | usb_if/read_byte_queue/U0/inst_fifo_gen/gconvfifo.rf/grf.rf/rstblk/rst_d2                                                                       |                1 |              2 |
|  clk_IBUF_BUFG    | mon_chans/chan_10/E[1]                                                                                                       | mon_dsky/rst_n_0                                                                                                                                |                1 |              3 |
|  clk_IBUF_BUFG    | mon_chans/chan_10/val_reg[15]_3[0]                                                                                           | mon_dsky/rst_n_0                                                                                                                                |                2 |              3 |
|  clk_IBUF_BUFG    | mon_chans/chan_10/val_reg[15]_3[0]                                                                                           | mon_chans/chan_10/rst_n                                                                                                                         |                3 |              3 |
|  clk_IBUF_BUFG    | mon_chans/chan_10/val_reg[15]_2[0]                                                                                           | mon_dsky/rst_n_0                                                                                                                                |                1 |              3 |
|  clk_IBUF_BUFG    | ctrl_regs/periph_read_reg_0[0]                                                                                               | mon_dsky/rst_n                                                                                                                                  |                1 |              3 |
|  clk_IBUF_BUFG    | mon_chans/chan_10/val_reg[14]_0[0]                                                                                           | mon_dsky/rst_n_0                                                                                                                                |                1 |              3 |
|  clk_IBUF_BUFG    | mon_regs/p_0_in__1                                                                                                           | mon_regs/reg_b/rst_n                                                                                                                            |                1 |              3 |
|  clk_IBUF_BUFG    | mon_chans/chan_10/E[1]                                                                                                       | mon_chans/chan_10/rst_n                                                                                                                         |                2 |              3 |
|  clk_IBUF_BUFG    | mon_chans/chan_10/val_reg[14]_1[0]                                                                                           | mon_dsky/rst_n_0                                                                                                                                |                1 |              3 |
|  clk_IBUF_BUFG    | mon_chans/chan_10/E[2]                                                                                                       | mon_chans/chan_10/rst_n                                                                                                                         |                1 |              3 |
|  clk_IBUF_BUFG    | mon_chans/chan_10/E[2]                                                                                                       | mon_dsky/rst_n_0                                                                                                                                |                2 |              3 |
|  clk_IBUF_BUFG    | mon_chans/chan_10/val_reg[13]_0[0]                                                                                           | mon_dsky/rst_n_0                                                                                                                                |                1 |              3 |
|  clk_IBUF_BUFG    | mon_chans/chan_10/val_reg[13]_0[1]                                                                                           | mon_chans/chan_10/rst_n                                                                                                                         |                1 |              3 |
|  clk_IBUF_BUFG    | mon_chans/chan_10/val_reg[13]_0[1]                                                                                           | mon_dsky/rst_n_0                                                                                                                                |                1 |              3 |
|  clk_IBUF_BUFG    | mon_chans/chan_10/val_reg[13]_0[2]                                                                                           | mon_chans/chan_10/rst_n                                                                                                                         |                1 |              3 |
|  clk_IBUF_BUFG    | mon_chans/chan_10/val_reg[13]_0[2]                                                                                           | mon_dsky/rst_n_0                                                                                                                                |                2 |              3 |
|  clk_IBUF_BUFG    | mon_regs/reg_s/val_reg[1]_12[0]                                                                                              | mon_dsky/rst_n_0                                                                                                                                |                1 |              3 |
|  clkout_IBUF_BUFG |                                                                                                                              | usb_if/read_byte_queue/U0/inst_fifo_gen/gconvfifo.rf/grf.rf/rstblk/ngwrdrst.grst.g7serrst.gnsckt_wrst.gic_rst.rst_rd_reg2_inst/arststages_ff[1] |                1 |              3 |
|  clk_IBUF_BUFG    | mon_chans/chan_10/val_reg[15]_3[1]                                                                                           | mon_dsky/rst_n_0                                                                                                                                |                1 |              3 |
|  clk_IBUF_BUFG    |                                                                                                                              | usb_if/cmd_queue/U0/inst_fifo_gen/gconvfifo.rf/grf.rf/rstblk/ngwrdrst.grst.g7serrst.gnsckt_wrst.gic_rst.rst_rd_reg2_inst/arststages_ff[1]       |                1 |              3 |
|  clk_IBUF_BUFG    | cmd_ctrl/active_cmd_reg[17]_rep__0_10[0]                                                                                     | ctrl_regs/mnhrpt_i_2_n_0                                                                                                                        |                1 |              3 |
|  clk_IBUF_BUFG    | mon_regs/reg_s/val_reg[1]_3[0]                                                                                               | mon_dsky/rst_n_0                                                                                                                                |                2 |              3 |
|  clk_IBUF_BUFG    | cmd_ctrl/active_cmd_reg[17]_rep__0_12[0]                                                                                     | ctrl_regs/mnhrpt_i_2_n_0                                                                                                                        |                2 |              3 |
|  clk_IBUF_BUFG    | mon_chans/chan_10/val_reg[15]_3[1]                                                                                           | mon_chans/chan_10/rst_n                                                                                                                         |                2 |              3 |
|  clk_IBUF_BUFG    | mon_regs/reg_g/E[0]                                                                                                          | mon_regs/reg_q/rst_n                                                                                                                            |                2 |              3 |
|  clk_IBUF_BUFG    | mon_chans/chan_10/E[0]                                                                                                       | mon_dsky/rst_n                                                                                                                                  |                1 |              4 |
|  clk_IBUF_BUFG    | mon_regs/reg_s/val_reg[1]_8[0]                                                                                               | mon_dsky/rst_n_0                                                                                                                                |                2 |              4 |
|  clk_IBUF_BUFG    | mon_regs/reg_s/val_reg[1]_8[0]                                                                                               | mon_dsky/rst_n                                                                                                                                  |                3 |              4 |
|  clk_IBUF_BUFG    | cmd_ctrl/state[3]_i_1_n_0                                                                                                    | ctrl_regs/rst_n                                                                                                                                 |                1 |              4 |
|  clk_IBUF_BUFG    | mon_chans/chan_10/val_reg[15]_3[1]                                                                                           | mon_dsky/rst_n                                                                                                                                  |                2 |              5 |
|  clk_IBUF_BUFG    | cmd_ctrl/active_cmd_reg[17]_rep__0_3[0]                                                                                      | ctrl_regs/mnhrpt_i_2_n_0                                                                                                                        |                1 |              5 |
|  clk_IBUF_BUFG    | mon_chans/chan_10/val_reg[13]_0[2]                                                                                           | mon_dsky/rst_n                                                                                                                                  |                2 |              5 |
|  clk_IBUF_BUFG    | mon_regs/reg_s/val_reg[1]_12[0]                                                                                              | mon_dsky/rst_n                                                                                                                                  |                2 |              5 |
|  clk_IBUF_BUFG    | mon_chans/chan_10/val_reg[13]_0[1]                                                                                           | mon_dsky/rst_n                                                                                                                                  |                3 |              5 |
|  clk_IBUF_BUFG    | mon_chans/chan_10/val_reg[15]_3[0]                                                                                           | mon_dsky/rst_n                                                                                                                                  |                1 |              5 |
|  clkout_IBUF_BUFG |                                                                                                                              | mon_dsky/rst_n_0                                                                                                                                |                3 |              5 |
|  clk_IBUF_BUFG    | mon_chans/chan_10/val_reg[13]_0[0]                                                                                           | mon_dsky/rst_n                                                                                                                                  |                1 |              5 |
|  clk_IBUF_BUFG    | mon_regs/reg_s/val_reg[1]_3[0]                                                                                               | mon_dsky/rst_n                                                                                                                                  |                4 |              5 |
|  clk_IBUF_BUFG    | mon_chans/chan_10/E[2]                                                                                                       | mon_dsky/rst_n                                                                                                                                  |                1 |              5 |
|  clk_IBUF_BUFG    | mon_chans/chan_10/val_reg[15]_2[0]                                                                                           | mon_dsky/rst_n                                                                                                                                  |                1 |              5 |
|  clk_IBUF_BUFG    | mon_chans/chan_10/E[1]                                                                                                       | mon_dsky/rst_n                                                                                                                                  |                1 |              5 |
|  clk_IBUF_BUFG    | mon_regs/reg_s/val_reg[1]_5[0]                                                                                               | mon_chans/chan_35/rst_n                                                                                                                         |                3 |              5 |
|  clk_IBUF_BUFG    | periph_insts/FSM_sequential_state_reg[2]_1[0]                                                                                | mon_regs/reg_b/rst_n                                                                                                                            |                3 |              5 |
|  clk_IBUF_BUFG    | mon_chans/chan_10/val_reg[14]_1[0]                                                                                           | mon_dsky/rst_n                                                                                                                                  |                1 |              5 |
|  clk_IBUF_BUFG    | mon_chans/chan_10/val_reg[14]_0[0]                                                                                           | mon_dsky/rst_n                                                                                                                                  |                1 |              5 |
|  clk_IBUF_BUFG    | mon_regs/reg_s/val_reg[1]_6[0]                                                                                               | mon_dsky/rst_n                                                                                                                                  |                2 |              6 |
|  clk_IBUF_BUFG    | periph_insts/FSM_sequential_state_reg[1]_1[0]                                                                                | mon_regs/reg_q/rst_n                                                                                                                            |                2 |              6 |
|  clk_IBUF_BUFG    | mon_regs/reg_s/val_reg[1]_15[0]                                                                                              | mon_dsky/rst_n                                                                                                                                  |                3 |              6 |
|  clk_IBUF_BUFG    | mon_regs/reg_s/val_reg[1]_4[0]                                                                                               | mon_dsky/rst_n                                                                                                                                  |                3 |              6 |
|  clk_IBUF_BUFG    | mon_regs/reg_s/val_reg[1]_13[0]                                                                                              | mon_dsky/rst_n                                                                                                                                  |                3 |              6 |
|  clk_IBUF_BUFG    |                                                                                                                              | mon_dsky/rst_n                                                                                                                                  |                3 |              6 |
|  clk_IBUF_BUFG    | ctrl_regs/periph_read_reg_0[0]                                                                                               | mon_chans/chan_10/rst_n                                                                                                                         |                1 |              6 |
|  clkout_IBUF_BUFG |                                                                                                                              | mon_chans/chan_10/rst_n                                                                                                                         |                4 |              6 |
|  clk_IBUF_BUFG    | mon_regs/reg_s/val_reg[1]_2[0]                                                                                               | mon_chans/chan_35/rst_n                                                                                                                         |                3 |              7 |
|  clk_IBUF_BUFG    | mon_regs/reg_s/val_reg[1]_1[0]                                                                                               | mon_chans/chan_35/rst_n                                                                                                                         |                2 |              7 |
|  clk_IBUF_BUFG    | mon_regs/reg_s/val_reg[1]_1[0]                                                                                               | mon_chans/chan_10/rst_n                                                                                                                         |                4 |              7 |
|  clk_IBUF_BUFG    | mon_regs/reg_s/val_reg[1]_10[0]                                                                                              | mon_chans/chan_35/rst_n                                                                                                                         |                3 |              7 |
|  clk_IBUF_BUFG    | cmd_ctrl/active_cmd_reg[16]_rep_2[0]                                                                                         | ctrl_regs/mnhrpt_i_2_n_0                                                                                                                        |                1 |              7 |
|  clk_IBUF_BUFG    | mon_regs/reg_s/val_reg[1]_14[0]                                                                                              | mon_chans/chan_35/rst_n                                                                                                                         |                3 |              7 |
|  clk_IBUF_BUFG    | mon_regs/reg_s/val_reg[1]_14[0]                                                                                              | mon_chans/chan_10/rst_n                                                                                                                         |                3 |              7 |
|  clk_IBUF_BUFG    | mon_regs/reg_s/val_reg[1]_16[0]                                                                                              | mon_chans/chan_35/rst_n                                                                                                                         |                3 |              7 |
|  clk_IBUF_BUFG    | mon_regs/reg_s/val_reg[1]_16[0]                                                                                              | mon_chans/chan_10/rst_n                                                                                                                         |                3 |              7 |
|  clk_IBUF_BUFG    | cmd_ctrl/active_cmd_reg[16]_rep_2[0]                                                                                         | ctrl_regs/rst_n                                                                                                                                 |                1 |              7 |
|  clk_IBUF_BUFG    | mon_regs/reg_s/val_reg[1]_2[0]                                                                                               | mon_chans/chan_10/rst_n                                                                                                                         |                3 |              7 |
|  clk_IBUF_BUFG    | mon_regs/reg_s/val_reg[1]_3[0]                                                                                               | mon_chans/chan_10/rst_n                                                                                                                         |                5 |              7 |
|  clk_IBUF_BUFG    | mon_regs/reg_s/val_reg[1]_7[0]                                                                                               | mon_chans/chan_35/rst_n                                                                                                                         |                4 |              7 |
|  clk_IBUF_BUFG    | mon_regs/reg_s/val_reg[1]_7[0]                                                                                               | mon_chans/chan_10/rst_n                                                                                                                         |                5 |              7 |
|  clk_IBUF_BUFG    |                                                                                                                              | mon_regs/reg_b/rst_n                                                                                                                            |                5 |              7 |
|  clkout_IBUF_BUFG | usb_if/cmd_rx/cmd_msg[39]_i_1_n_0                                                                                            | usb_if/cmd_rx/rst_n                                                                                                                             |                2 |              7 |
|  clk_IBUF_BUFG    | mon_regs/reg_s/val_reg[1]_0[0]                                                                                               | mon_chans/chan_35/rst_n                                                                                                                         |                3 |              7 |
|  clk_IBUF_BUFG    | mon_regs/reg_s/val_reg[1]_0[0]                                                                                               | mon_chans/chan_10/rst_n                                                                                                                         |                5 |              7 |
|  clk_IBUF_BUFG    | ctrl_regs/periph_read_reg_0[0]                                                                                               | usb_if/cmd_rx/rst_n                                                                                                                             |                1 |              7 |
|  clk_IBUF_BUFG    | cmd_ctrl/active_cmd_reg[17]_rep__0_12[0]                                                                                     | ctrl_regs/stop_conds[10]_i_2_n_0                                                                                                                |                2 |              8 |
|  clkout_IBUF_BUFG | usb_if/cmd_rx/cmd_msg[15]_i_1_n_0                                                                                            | usb_if/cmd_rx/rst_n                                                                                                                             |                3 |              8 |
|  clkout_IBUF_BUFG | usb_if/read_byte_queue/U0/inst_fifo_gen/gconvfifo.rf/grf.rf/gntv_or_sync_fifo.gl0.rd/gr1.gr1_int.rfwft/E[0]                  | usb_if/read_byte_queue/U0/inst_fifo_gen/gconvfifo.rf/grf.rf/rstblk/SR[0]                                                                        |                2 |              8 |
|  clkout_IBUF_BUFG | usb_if/cmd_rx/cmd_msg[23]_i_1_n_0                                                                                            | usb_if/cmd_rx/rst_n                                                                                                                             |                2 |              8 |
|  clkout_IBUF_BUFG | usb_if/cmd_rx/cmd_msg[31]_i_1_n_0                                                                                            | usb_if/cmd_rx/rst_n                                                                                                                             |                1 |              8 |
|  clkout_IBUF_BUFG | usb_if/cmd_rx/cmd_msg[7]_i_1_n_0                                                                                             | usb_if/cmd_rx/rst_n                                                                                                                             |                1 |              8 |
|  clk_IBUF_BUFG    | ctrl_regs/periph_read_reg_0[0]                                                                                               | mon_dsky/rst_n_0                                                                                                                                |                3 |              8 |
|  clk_IBUF_BUFG    | mon_regs/reg_s/val_reg[1]_4[0]                                                                                               | mon_chans/chan_35/rst_n                                                                                                                         |                6 |              9 |
|  clk_IBUF_BUFG    |                                                                                                                              | usb_if/read_byte_queue/U0/inst_fifo_gen/gconvfifo.rf/grf.rf/rstblk/ngwrdrst.grst.g7serrst.gnsckt_wrst.rst_wr_reg2_inst/arststages_ff[1]         |                2 |              9 |
|  clk_IBUF_BUFG    | mon_regs/reg_s/val_reg[1]_6[0]                                                                                               | mon_chans/chan_35/rst_n                                                                                                                         |                4 |              9 |
|  clkout_IBUF_BUFG |                                                                                                                              | usb_if/cmd_queue/U0/inst_fifo_gen/gconvfifo.rf/grf.rf/rstblk/ngwrdrst.grst.g7serrst.gnsckt_wrst.rst_wr_reg2_inst/arststages_ff[1]               |                2 |              9 |
|  clk_IBUF_BUFG    | mon_regs/reg_s/val_reg[1]_15[0]                                                                                              | mon_chans/chan_35/rst_n                                                                                                                         |                3 |              9 |
|  clk_IBUF_BUFG    |                                                                                                                              | usb_if/cmd_rx/rst_n                                                                                                                             |                6 |              9 |
|  clk_IBUF_BUFG    | mon_regs/reg_s/val_reg[1]_13[0]                                                                                              | mon_chans/chan_35/rst_n                                                                                                                         |                6 |              9 |
|  clk_IBUF_BUFG    |                                                                                                                              | usb_if/cmd_queue/U0/inst_fifo_gen/gconvfifo.rf/grf.rf/rstblk/AS[0]                                                                              |                2 |             10 |
|  clkout_IBUF_BUFG |                                                                                                                              | usb_if/read_byte_queue/U0/inst_fifo_gen/gconvfifo.rf/grf.rf/rstblk/SR[0]                                                                        |                5 |             10 |
|  clk_IBUF_BUFG    | cmd_ctrl/active_cmd_reg[17]_rep__0_9[0]                                                                                      | ctrl_regs/stop_conds[10]_i_2_n_0                                                                                                                |                3 |             11 |
|  clk_IBUF_BUFG    | cmd_ctrl/active_cmd_reg[17]_rep__0_6[0]                                                                                      | ctrl_regs/stop_conds[10]_i_2_n_0                                                                                                                |                2 |             11 |
|  clk_IBUF_BUFG    | cmd_ctrl/active_cmd_reg[17]_rep__0_5[0]                                                                                      | ctrl_regs/stop_conds[10]_i_2_n_0                                                                                                                |                2 |             11 |
|  clk_IBUF_BUFG    | cmd_ctrl/active_cmd_reg[16]_rep_3[0]                                                                                         | ctrl_regs/mnhrpt_i_2_n_0                                                                                                                        |                4 |             11 |
|  clk_IBUF_BUFG    | cmd_ctrl/active_cmd_reg[21]_1[0]                                                                                             | ctrl_regs/stop_conds[10]_i_2_n_0                                                                                                                |                3 |             11 |
|  clk_IBUF_BUFG    | ctrl_regs/periph_read_reg_0[0]                                                                                               | mon_chans/chan_35/rst_n                                                                                                                         |                4 |             12 |
|  clk_IBUF_BUFG    | mt_IBUF[2]                                                                                                                   | mon_dsky/rst_n_0                                                                                                                                |                2 |             12 |
|  clk_IBUF_BUFG    | periph_insts/FSM_sequential_state_reg[1]_0[0]                                                                                | mon_regs/reg_b/rst_n                                                                                                                            |                6 |             12 |
|  clk_IBUF_BUFG    | cmd_ctrl/active_cmd_reg[18]_rep_3[0]                                                                                         | ctrl_regs/stop_conds[10]_i_2_n_0                                                                                                                |                3 |             12 |
|  clk_IBUF_BUFG    | usb_if/msg_sndr/active_msg[39]_i_1_n_0                                                                                       | mon_chans/chan_10/rst_n                                                                                                                         |                3 |             12 |
|  clk_IBUF_BUFG    | cmd_ctrl/active_cmd_reg[17]_rep__0_8[0]                                                                                      | ctrl_regs/stop_conds[10]_i_2_n_0                                                                                                                |                3 |             12 |
|  clk_IBUF_BUFG    | cmd_ctrl/E[0]                                                                                                                | ctrl_regs/stop_conds[10]_i_2_n_0                                                                                                                |                4 |             12 |
|  clk_IBUF_BUFG    | cmd_ctrl/active_cmd_reg[16]_rep_1[0]                                                                                         | ctrl_regs/mnhrpt_i_2_n_0                                                                                                                        |                2 |             12 |
|  clk_IBUF_BUFG    | cmd_ctrl/active_cmd_reg[17]_rep__0_7[0]                                                                                      | ctrl_regs/stop_conds[10]_i_2_n_0                                                                                                                |                5 |             12 |
|  clk_IBUF_BUFG    | cmd_ctrl/active_cmd_reg[17]_rep__0_11[0]                                                                                     | ctrl_regs/mnhrpt_i_2_n_0                                                                                                                        |                3 |             12 |
|  clk_IBUF_BUFG    | cmd_ctrl/active_cmd_reg[17]_rep__0_4[0]                                                                                      | ctrl_regs/rst_n                                                                                                                                 |                5 |             12 |
|  clk_IBUF_BUFG    | mon_regs/reg_g/E[0]                                                                                                          | mon_regs/reg_b/rst_n                                                                                                                            |                7 |             13 |
|  clk_IBUF_BUFG    |                                                                                                                              | ctrl_regs/rst_n                                                                                                                                 |                7 |             14 |
|  clk_IBUF_BUFG    | usb_if/read_msg_queue/U0/inst_fifo_gen/gconvfifo.rf/grf.rf/gntv_or_sync_fifo.gl0.wr/gwss.wsts/E[0]                           | mon_chans/chan_10/rst_n                                                                                                                         |                3 |             14 |
|  clk_IBUF_BUFG    | usb_if/read_msg_queue/U0/inst_fifo_gen/gconvfifo.rf/grf.rf/gntv_or_sync_fifo.gl0.rd/gr1.gr1_int.rfwft/ram_empty_fb_i_reg[0]  | mon_chans/chan_10/rst_n                                                                                                                         |                4 |             14 |
|  clk_IBUF_BUFG    | usb_if/cmd_queue/U0/inst_fifo_gen/gconvfifo.rf/grf.rf/gntv_or_sync_fifo.gl0.rd/gr1.gr1_int.rfwft/ram_empty_fb_i_reg[0]       | usb_if/cmd_queue/U0/inst_fifo_gen/gconvfifo.rf/grf.rf/rstblk/AS[0]                                                                              |                4 |             14 |
|  clk_IBUF_BUFG    | mon_regs/reg_s/val_reg[1]_17[0]                                                                                              | mon_regs/reg_b/rst_n                                                                                                                            |                9 |             15 |
|  clk_IBUF_BUFG    | cmd_ctrl/cmd_read_en                                                                                                         | mon_dsky/rst_n_0                                                                                                                                |                5 |             15 |
|  clk_IBUF_BUFG    | cmd_ctrl/active_cmd_reg[19]_4[0]                                                                                             | mon_regs/reg_q/rst_n                                                                                                                            |                7 |             15 |
|  clk_IBUF_BUFG    | mon_regs/reg_s/val_reg[1]_9[0]                                                                                               | mon_regs/reg_b/rst_n                                                                                                                            |                8 |             15 |
|  clk_IBUF_BUFG    | mwag_IBUF                                                                                                                    | mon_regs/reg_b/rst_n                                                                                                                            |                7 |             16 |
|  clk_IBUF_BUFG    | ctrl_regs/adc_bplssw                                                                                                         | ctrl_regs/mnhrpt_i_2_n_0                                                                                                                        |                3 |             16 |
|  clk_IBUF_BUFG    | ctrl_regs/adc_p4sw                                                                                                           | ctrl_regs/rst_n                                                                                                                                 |                4 |             16 |
|  clk_IBUF_BUFG    | ctrl_regs/adc_mtemp                                                                                                          | ctrl_regs/mnhrpt_i_2_n_0                                                                                                                        |                5 |             16 |
|  clk_IBUF_BUFG    | ctrl_regs/adc_temp                                                                                                           | ctrl_regs/rst_n                                                                                                                                 |                4 |             16 |
|  clk_IBUF_BUFG    | ctrl_regs/adc_vccaux                                                                                                         | ctrl_regs/rst_n                                                                                                                                 |                7 |             16 |
|  clk_IBUF_BUFG    | cmd_ctrl/active_cmd_reg[17]_rep__0_1[0]                                                                                      | ctrl_regs/stop_conds[10]_i_2_n_0                                                                                                                |                4 |             16 |
|  clk_IBUF_BUFG    | cmd_ctrl/active_cmd_reg[18]_rep_2[0]                                                                                         | ctrl_regs/mnhrpt_i_2_n_0                                                                                                                        |                5 |             16 |
|  clk_IBUF_BUFG    | cmd_ctrl/active_cmd_reg[20]_1[0]                                                                                             | mon_dsky/rst_n_0                                                                                                                                |                8 |             16 |
|  clk_IBUF_BUFG    | mwbg_IBUF                                                                                                                    | mon_regs/reg_b/rst_n                                                                                                                            |                9 |             16 |
|  clk_IBUF_BUFG    | mwlg_IBUF                                                                                                                    | mon_regs/reg_b/rst_n                                                                                                                            |                6 |             16 |
|  clk_IBUF_BUFG    | ctrl_regs/adc_vccint                                                                                                         | ctrl_regs/mnhrpt_i_2_n_0                                                                                                                        |                6 |             16 |
|  clk_IBUF_BUFG    | ctrl_regs/w_mode_reg[1]_0[0]                                                                                                 | mon_regs/reg_q/rst_n                                                                                                                            |                5 |             16 |
|  clk_IBUF_BUFG    | mwzg_IBUF                                                                                                                    | mon_regs/reg_q/rst_n                                                                                                                            |                8 |             16 |
|  clk_IBUF_BUFG    | mwqg_IBUF                                                                                                                    | mon_regs/reg_q/rst_n                                                                                                                            |                6 |             16 |
|  clk_IBUF_BUFG    | mwyg_IBUF                                                                                                                    | mon_regs/reg_q/rst_n                                                                                                                            |               11 |             16 |
|  clk_IBUF_BUFG    |                                                                                                                              | mon_chans/chan_35/rst_n                                                                                                                         |                8 |             18 |
|  clk_IBUF_BUFG    | mon_dsky/rywd_timer[0]_i_1_n_0                                                                                               | mon_dsky/rst_n                                                                                                                                  |                5 |             19 |
|  clkout_IBUF_BUFG | usb_if/cmd_queue/U0/inst_fifo_gen/gconvfifo.rf/grf.rf/gntv_or_sync_fifo.gl0.wr/gwas.wsts/E[0]                                | usb_if/cmd_queue/U0/inst_fifo_gen/gconvfifo.rf/grf.rf/rstblk/AR[0]                                                                              |                4 |             21 |
|  clk_IBUF_BUFG    |                                                                                                                              | mon_dsky/rst_n_0                                                                                                                                |               15 |             23 |
|  clk_IBUF_BUFG    | usb_if/msg_sndr/active_msg[39]_i_1_n_0                                                                                       | mon_regs/reg_q/rst_n                                                                                                                            |                7 |             28 |
|  clkout_IBUF_BUFG | usb_if/read_byte_queue/U0/inst_fifo_gen/gconvfifo.rf/grf.rf/gntv_or_sync_fifo.gl0.rd/gr1.gr1_int.rfwft/ram_empty_fb_i_reg[0] | usb_if/read_byte_queue/U0/inst_fifo_gen/gconvfifo.rf/grf.rf/rstblk/SR[0]                                                                        |                7 |             30 |
|  clk_IBUF_BUFG    | usb_if/read_byte_queue/U0/inst_fifo_gen/gconvfifo.rf/grf.rf/gntv_or_sync_fifo.gl0.wr/gwas.wsts/E[0]                          | usb_if/read_byte_queue/U0/inst_fifo_gen/gconvfifo.rf/grf.rf/rstblk/AR[0]                                                                        |                7 |             30 |
|  clk_IBUF_BUFG    | cmd_ctrl/cmd_read_en                                                                                                         | ctrl_regs/rst_n                                                                                                                                 |               12 |             32 |
|  clk_IBUF_BUFG    |                                                                                                                              | mon_chans/chan_10/rst_n                                                                                                                         |               17 |             37 |
|  clk_IBUF_BUFG    | usb_if/read_msg_queue/U0/inst_fifo_gen/gconvfifo.rf/grf.rf/gntv_or_sync_fifo.gl0.rd/gr1.gr1_int.rfwft/E[0]                   | mon_chans/chan_10/rst_n                                                                                                                         |                8 |             40 |
|  clk_IBUF_BUFG    | usb_if/cmd_queue/U0/inst_fifo_gen/gconvfifo.rf/grf.rf/gntv_or_sync_fifo.gl0.rd/gr1.gr1_int.rfwft/E[0]                        | usb_if/cmd_queue/U0/inst_fifo_gen/gconvfifo.rf/grf.rf/rstblk/AS[0]                                                                              |                8 |             40 |
|  clkout_IBUF_BUFG |                                                                                                                              |                                                                                                                                                 |               20 |             76 |
|  clk_IBUF_BUFG    |                                                                                                                              |                                                                                                                                                 |               21 |             76 |
+-------------------+------------------------------------------------------------------------------------------------------------------------------+-------------------------------------------------------------------------------------------------------------------------------------------------+------------------+----------------+


