Copyright 1986-2018 Xilinx, Inc. All Rights Reserved.
----------------------------------------------------------------------------------------
| Tool Version : Vivado v.2018.3 (lin64) Build 2405991 Thu Dec  6 23:36:41 MST 2018
| Date         : Tue Feb 12 21:20:06 2019
| Host         : luminary running 64-bit unknown
| Command      : report_control_sets -verbose -file agc_monitor_control_sets_placed.rpt
| Design       : agc_monitor
| Device       : xc7z020
----------------------------------------------------------------------------------------

Control Set Information

Table of Contents
-----------------
1. Summary
2. Histogram
3. Flip-Flop Distribution
4. Detailed Control Set Information

1. Summary
----------

+----------------------------------------------------------+-------+
|                          Status                          | Count |
+----------------------------------------------------------+-------+
| Number of unique control sets                            |   201 |
| Unused register locations in slices containing registers |   715 |
+----------------------------------------------------------+-------+


2. Histogram
------------

+--------+--------------+
| Fanout | Control Sets |
+--------+--------------+
|      1 |           14 |
|      2 |           14 |
|      3 |           14 |
|      4 |           34 |
|      5 |            7 |
|      6 |           16 |
|      7 |           11 |
|      8 |           12 |
|      9 |           11 |
|     10 |            8 |
|     11 |            7 |
|     12 |            9 |
|     13 |            3 |
|     14 |            1 |
|     15 |            3 |
|    16+ |           37 |
+--------+--------------+


3. Flip-Flop Distribution
-------------------------

+--------------+-----------------------+------------------------+-----------------+--------------+
| Clock Enable | Synchronous Set/Reset | Asynchronous Set/Reset | Total Registers | Total Slices |
+--------------+-----------------------+------------------------+-----------------+--------------+
| No           | No                    | No                     |             209 |           58 |
| No           | No                    | Yes                    |             349 |          173 |
| No           | Yes                   | No                     |              12 |            3 |
| Yes          | No                    | No                     |               0 |            0 |
| Yes          | No                    | Yes                    |            1351 |          493 |
| Yes          | Yes                   | No                     |             132 |           30 |
+--------------+-----------------------+------------------------+-----------------+--------------+


4. Detailed Control Set Information
-----------------------------------

+-------------------+------------------------------------------------------------------------------------------------------------------------------------------------+-----------------------------------------------------------------------------------------------------------------------------------------------------+------------------+----------------+
|    Clock Signal   |                                                                  Enable Signal                                                                 |                                                                   Set/Reset Signal                                                                  | Slice Load Count | Bel Load Count |
+-------------------+------------------------------------------------------------------------------------------------------------------------------------------------+-----------------------------------------------------------------------------------------------------------------------------------------------------+------------------+----------------+
|  clk_IBUF_BUFG    | mon/mon_dsky/restart_ff                                                                                                                        | mon/mon_dsky/reset_in                                                                                                                               |                1 |              1 |
|  clk_IBUF_BUFG    | db3/out[12]_i_1_n_0                                                                                                                            | mon/mon_regs/reg_q/rst_n                                                                                                                            |                1 |              1 |
|  clk_IBUF_BUFG    | mon/cmd_ctrl/active_cmd_reg[16]_2[0]                                                                                                           | mon/ctrl_regs/rst_n_0                                                                                                                               |                1 |              1 |
|  clk_IBUF_BUFG    | mon/cmd_ctrl/active_cmd_reg[16]_4[0]                                                                                                           | mon/mon_dsky/reset_in                                                                                                                               |                1 |              1 |
|  clk_IBUF_BUFG    | mon/cmd_ctrl/active_cmd_reg[18]_2[0]                                                                                                           | mon/ctrl_regs/stop_conds[10]_i_2_n_0                                                                                                                |                1 |              1 |
|  clk_IBUF_BUFG    | mon/cmd_ctrl/active_cmd_reg[18]_2[0]                                                                                                           | mon/mon_dsky/reset_in                                                                                                                               |                1 |              1 |
|  clk_IBUF_BUFG    | mon/cmd_ctrl/state_reg[2]_0[0]                                                                                                                 | mon/mon_dsky/reset_in                                                                                                                               |                1 |              1 |
|  clk_IBUF_BUFG    | mon/cmd_ctrl/active_cmd_reg[18]_7[0]                                                                                                           | mon/mon_dsky/reset_in                                                                                                                               |                1 |              1 |
|  clk_IBUF_BUFG    | mon/ctrl_regs/adc_mtemp                                                                                                                        | mon/mon_dsky/reset_in                                                                                                                               |                1 |              1 |
|  clk_IBUF_BUFG    | mon/mon_regs/reg_s/val_reg[3]_0[0]                                                                                                             | mon/mon_dsky/reset_in                                                                                                                               |                1 |              1 |
|  clk_IBUF_BUFG    | mon/mon_chans/chan_10/prio_disp                                                                                                                | mon/mon_dsky/rst_n                                                                                                                                  |                1 |              1 |
|  clkout_IBUF_BUFG | mon/usb_if/cmd_rx/cmd_msg[39]_i_1_n_0                                                                                                          | mon/usb_if/msg_sndr/rst_n                                                                                                                           |                1 |              1 |
|  clk_IBUF_BUFG    | mon/mon_chans/chan_10/val_reg[15]_2[1]                                                                                                         | mon/mon_dsky/rst_n                                                                                                                                  |                1 |              1 |
|  clk_IBUF_BUFG    | mon/mon_chans/chan_10/val_reg[15]_2[2]                                                                                                         | mon/mon_dsky/rst_n                                                                                                                                  |                1 |              1 |
|  clk_IBUF_BUFG    | mon/mon_regs/reg_s/val_reg[5]_1[0]                                                                                                             | mon/mon_chans/chan_30/rst_n                                                                                                                         |                1 |              2 |
|  clk_IBUF_BUFG    | mon/periph_insts/request[2]_i_1_n_0                                                                                                            | mon/usb_if/cmd_rx/rst_n                                                                                                                             |                1 |              2 |
|  clk_IBUF_BUFG    | db3/out[12]_i_1_n_0                                                                                                                            | mon/mon_chans/chan_31/rst_n                                                                                                                         |                2 |              2 |
|  clk_IBUF_BUFG    | mon/cmd_ctrl/active_cmd_reg[16]_3[0]                                                                                                           | mon/mon_dsky/reset_in                                                                                                                               |                1 |              2 |
|  clk_IBUF_BUFG    | db4/out[16]_i_1_n_0                                                                                                                            | mon/usb_if/msg_sndr/rst_n_0                                                                                                                         |                1 |              2 |
|  clk_IBUF_BUFG    | mon/mon_regs/reg_s/val_reg[3]_3[0]                                                                                                             | mon/mon_chans/chan_30/rst_n                                                                                                                         |                1 |              2 |
|  clkout_IBUF_BUFG |                                                                                                                                                | mon/usb_if/cmd_queue/U0/inst_fifo_gen/gconvfifo.rf/grf.rf/rstblk/rst_d2                                                                             |                1 |              2 |
|  clk_IBUF_BUFG    | mon/cmd_ctrl/active_cmd_reg[18]_2[0]                                                                                                           | mon/ctrl_regs/rst_n_0                                                                                                                               |                2 |              2 |
|  clk_IBUF_BUFG    | mon/mon_chans/chan_10/val_reg[15]_2[0]                                                                                                         | mon/mon_dsky/rst_n                                                                                                                                  |                1 |              2 |
|  clk_IBUF_BUFG    |                                                                                                                                                | mon/usb_if/read_byte_queue/U0/inst_fifo_gen/gconvfifo.rf/grf.rf/rstblk/rst_d2                                                                       |                1 |              2 |
|  clk_IBUF_BUFG    | mon/cmd_ctrl/active_cmd_reg[18]_4[0]                                                                                                           | mon/mon_dsky/reset_in                                                                                                                               |                1 |              2 |
|  clk_IBUF_BUFG    | mon/mon_regs/reg_s/val_reg[1]_2[0]                                                                                                             | mon/mon_chans/chan_30/rst_n                                                                                                                         |                2 |              2 |
|  clk_IBUF_BUFG    | mon/cmd_ctrl/active_cmd_reg[18]_3[0]                                                                                                           | mon/ctrl_regs/stop_conds[10]_i_2_n_0                                                                                                                |                1 |              2 |
|  clk_IBUF_BUFG    | mon/mon_regs/reg_s/val_reg[3]_0[0]                                                                                                             | mon/mon_chans/chan_30/rst_n                                                                                                                         |                1 |              2 |
|  clk_IBUF_BUFG    | mon/cmd_ctrl/active_cmd_reg[18]_5[0]                                                                                                           | mon/ctrl_regs/rst_n_0                                                                                                                               |                1 |              3 |
|  clk_IBUF_BUFG    | mon/cmd_ctrl/active_cmd_reg[18]_1[0]                                                                                                           | mon/ctrl_regs/stop_conds[10]_i_2_n_0                                                                                                                |                1 |              3 |
|  clk_IBUF_BUFG    | mon/cmd_ctrl/active_cmd_reg[19]_2[0]                                                                                                           | mon/mon_dsky/reset_in                                                                                                                               |                2 |              3 |
|  clk_IBUF_BUFG    | mon/cmd_ctrl/active_cmd_reg[16]_4[0]                                                                                                           | mon/ctrl_regs/rst_n_0                                                                                                                               |                1 |              3 |
|  clk_IBUF_BUFG    | mon/cmd_ctrl/active_cmd_reg[16]_2[0]                                                                                                           | mon/ctrl_regs/stop_conds[10]_i_2_n_0                                                                                                                |                2 |              3 |
|  clk_IBUF_BUFG    | mon/cmd_ctrl/active_cmd_reg[18]_6[0]                                                                                                           | mon/mon_dsky/rst_n                                                                                                                                  |                2 |              3 |
|  clk_IBUF_BUFG    | mon/cmd_ctrl/active_cmd_reg[18]_3[0]                                                                                                           | mon/mon_dsky/reset_in                                                                                                                               |                2 |              3 |
|  clk_IBUF_BUFG    | mon/cmd_ctrl/active_cmd_reg[18]_6[0]                                                                                                           | mon/mon_dsky/reset_in                                                                                                                               |                1 |              3 |
|  clk_IBUF_BUFG    | db3/out[12]_i_1_n_0                                                                                                                            | mon/usb_if/cmd_rx/rst_n                                                                                                                             |                1 |              3 |
|  clk_IBUF_BUFG    | db24/E[0]                                                                                                                                      | mon/mon_regs/reg_b/rst_n                                                                                                                            |                3 |              3 |
|  clk_IBUF_BUFG    |                                                                                                                                                | mon/usb_if/cmd_queue/U0/inst_fifo_gen/gconvfifo.rf/grf.rf/rstblk/ngwrdrst.grst.g7serrst.gnsckt_wrst.gic_rst.rst_rd_reg2_inst/arststages_ff[1]       |                1 |              3 |
|  clk_IBUF_BUFG    |                                                                                                                                                | mon/ctrl_regs/stop_conds[10]_i_2_n_0                                                                                                                |                2 |              3 |
|  clk_IBUF_BUFG    | mon/mon_chans/chan_10/val_reg[15]_2[0]                                                                                                         | mon/mon_dsky/reset_in                                                                                                                               |                1 |              3 |
|  clkout_IBUF_BUFG |                                                                                                                                                | mon/usb_if/read_byte_queue/U0/inst_fifo_gen/gconvfifo.rf/grf.rf/rstblk/ngwrdrst.grst.g7serrst.gnsckt_wrst.gic_rst.rst_rd_reg2_inst/arststages_ff[1] |                1 |              3 |
|  clk_IBUF_BUFG    | db21/counter[3]_i_1__18_n_0                                                                                                                    | mon/usb_if/msg_sndr/rst_n_0                                                                                                                         |                2 |              4 |
|  clk_IBUF_BUFG    | db24/counter[3]_i_1__21_n_0                                                                                                                    | mon/usb_if/msg_sndr/rst_n                                                                                                                           |                2 |              4 |
|  clk_IBUF_BUFG    | db12/counter[3]_i_1__9_n_0                                                                                                                     | db4/rst_n                                                                                                                                           |                2 |              4 |
|  clk_IBUF_BUFG    | db8/counter[3]_i_1__6_n_0                                                                                                                      | db4/rst_n                                                                                                                                           |                2 |              4 |
|  clk_IBUF_BUFG    | db10/counter[3]_i_1__7_n_0                                                                                                                     | mon/usb_if/msg_sndr/rst_n                                                                                                                           |                1 |              4 |
|  clk_IBUF_BUFG    | db1/counter[3]_i_1_n_0                                                                                                                         | mon/usb_if/msg_sndr/rst_n_0                                                                                                                         |                2 |              4 |
|  clk_IBUF_BUFG    | db18/counter[3]_i_1__15_n_0                                                                                                                    | db4/rst_n                                                                                                                                           |                2 |              4 |
|  clk_IBUF_BUFG    | db30/counter[3]_i_1__27_n_0                                                                                                                    | mon/usb_if/msg_sndr/rst_n                                                                                                                           |                2 |              4 |
|  clk_IBUF_BUFG    | mon/cmd_ctrl/active_cmd_reg[19]_2[0]                                                                                                           | mon/mon_dsky/rst_n                                                                                                                                  |                1 |              4 |
|  clk_IBUF_BUFG    | db28/counter[3]_i_1__25_n_0                                                                                                                    | mon/usb_if/msg_sndr/rst_n                                                                                                                           |                2 |              4 |
|  clk_IBUF_BUFG    | db6/counter[3]_i_1__4_n_0                                                                                                                      | db4/rst_n                                                                                                                                           |                2 |              4 |
|  clk_IBUF_BUFG    | db5/counter[3]_i_1__3_n_0                                                                                                                      | mon/usb_if/msg_sndr/rst_n_0                                                                                                                         |                2 |              4 |
|  clk_IBUF_BUFG    | db4/counter[3]_i_1__2_n_0                                                                                                                      | mon/usb_if/msg_sndr/rst_n                                                                                                                           |                1 |              4 |
|  clk_IBUF_BUFG    | db17/counter[3]_i_1__14_n_0                                                                                                                    | mon/usb_if/msg_sndr/rst_n_0                                                                                                                         |                2 |              4 |
|  clk_IBUF_BUFG    | mon/mon_regs/reg_s/val_reg[3]_2[0]                                                                                                             | mon/mon_chans/chan_31/rst_n                                                                                                                         |                1 |              4 |
|  clk_IBUF_BUFG    | db3/counter[3]_i_1__1_n_0                                                                                                                      | mon/usb_if/msg_sndr/rst_n                                                                                                                           |                1 |              4 |
|  clk_IBUF_BUFG    | db25/counter[3]_i_1__22_n_0                                                                                                                    | mon/usb_if/msg_sndr/rst_n_0                                                                                                                         |                2 |              4 |
|  clk_IBUF_BUFG    | db26/counter[3]_i_1__23_n_0                                                                                                                    | mon/usb_if/msg_sndr/rst_n                                                                                                                           |                2 |              4 |
|  clk_IBUF_BUFG    | db27/counter[3]_i_1__24_n_0                                                                                                                    | mon/mon_chans/chan_31/rst_n                                                                                                                         |                2 |              4 |
|  clk_IBUF_BUFG    | db19/counter[3]_i_1__16_n_0                                                                                                                    | mon/usb_if/msg_sndr/rst_n_0                                                                                                                         |                2 |              4 |
|  clk_IBUF_BUFG    | db23/counter[3]_i_1__20_n_0                                                                                                                    | mon/usb_if/msg_sndr/rst_n_0                                                                                                                         |                2 |              4 |
|  clk_IBUF_BUFG    | db9/counter[3]_i_1__29_n_0                                                                                                                     | db4/rst_n                                                                                                                                           |                2 |              4 |
|  clk_IBUF_BUFG    | db2/counter[3]_i_1__0_n_0                                                                                                                      | db4/rst_n                                                                                                                                           |                2 |              4 |
|  clk_IBUF_BUFG    | db20/counter[3]_i_1__17_n_0                                                                                                                    | mon/usb_if/msg_sndr/rst_n                                                                                                                           |                2 |              4 |
|  clk_IBUF_BUFG    | mon/cmd_ctrl/next_state                                                                                                                        | mon/ctrl_regs/rst_n_0                                                                                                                               |                2 |              4 |
|  clk_IBUF_BUFG    | db14/counter[3]_i_1__11_n_0                                                                                                                    | db4/rst_n                                                                                                                                           |                2 |              4 |
|  clk_IBUF_BUFG    | db7/counter[3]_i_1__5_n_0                                                                                                                      | mon/usb_if/msg_sndr/rst_n_0                                                                                                                         |                2 |              4 |
|  clk_IBUF_BUFG    | db13/counter[3]_i_1__10_n_0                                                                                                                    | mon/usb_if/msg_sndr/rst_n_0                                                                                                                         |                2 |              4 |
|  clk_IBUF_BUFG    | db31/counter[3]_i_1__28_n_0                                                                                                                    | mon/usb_if/msg_sndr/rst_n_0                                                                                                                         |                2 |              4 |
|  clk_IBUF_BUFG    | db29/counter[3]_i_1__26_n_0                                                                                                                    | mon/usb_if/msg_sndr/rst_n_0                                                                                                                         |                2 |              4 |
|  clk_IBUF_BUFG    | db22/counter[3]_i_1__19_n_0                                                                                                                    | mon/usb_if/msg_sndr/rst_n                                                                                                                           |                2 |              4 |
|  clk_IBUF_BUFG    | db15/counter[3]_i_1__12_n_0                                                                                                                    | mon/usb_if/msg_sndr/rst_n_0                                                                                                                         |                2 |              4 |
|  clk_IBUF_BUFG    | db11/counter[3]_i_1__8_n_0                                                                                                                     | mon/mon_chans/chan_31/rst_n                                                                                                                         |                2 |              4 |
|  clk_IBUF_BUFG    | db16/counter[3]_i_1__13_n_0                                                                                                                    | db4/rst_n                                                                                                                                           |                2 |              4 |
|  clk_IBUF_BUFG    | mon/cmd_ctrl/active_cmd_reg[18]_9[0]                                                                                                           | mon/ctrl_regs/rst_n_0                                                                                                                               |                1 |              5 |
|  clk_IBUF_BUFG    | mon/mon_regs/reg_s/val_reg[4]_0[0]                                                                                                             | mon/mon_chans/chan_30/rst_n                                                                                                                         |                3 |              5 |
|  clk_IBUF_BUFG    | mon/mon_chans/chan_10/E[0]                                                                                                                     | mon/mon_dsky/reset_in                                                                                                                               |                1 |              5 |
|  clk_IBUF_BUFG    | mon/mon_chans/chan_10/E[0]                                                                                                                     | mon/mon_dsky/rst_n                                                                                                                                  |                1 |              5 |
|  clk_IBUF_BUFG    | mon/cmd_ctrl/active_cmd_reg[17]_rep_2[0]                                                                                                       | mon/mon_dsky/rst_n                                                                                                                                  |                2 |              5 |
|  clkout_IBUF_BUFG |                                                                                                                                                | mon/mon_chans/chan_31/rst_n                                                                                                                         |                3 |              5 |
|  clk_IBUF_BUFG    | mon/periph_insts/E[0]                                                                                                                          | mon/mon_regs/reg_b/rst_n                                                                                                                            |                4 |              5 |
|  clk_IBUF_BUFG    | mon/mon_regs/reg_s/val_reg[1]_2[0]                                                                                                             | mon/mon_chans/chan_31/rst_n                                                                                                                         |                3 |              6 |
|  clk_IBUF_BUFG    | mon/mon_regs/reg_s/val_reg[3]_0[0]                                                                                                             | mon/mon_chans/chan_31/rst_n                                                                                                                         |                2 |              6 |
|  clkout_IBUF_BUFG |                                                                                                                                                | mon/usb_if/msg_sndr/rst_n                                                                                                                           |                4 |              6 |
|  clk_IBUF_BUFG    | mon/mon_regs/reg_s/val_reg[3]_0[0]                                                                                                             | mon/mon_dsky/rst_n                                                                                                                                  |                4 |              6 |
|  clk_IBUF_BUFG    | mon/cmd_ctrl/active_cmd_reg[18]_6[0]                                                                                                           | mon/ctrl_regs/stop_conds[10]_i_2_n_0                                                                                                                |                1 |              6 |
|  clk_IBUF_BUFG    | mon/periph_insts/FSM_sequential_state_reg[0]_2[0]                                                                                              | mon/mon_regs/reg_b/rst_n                                                                                                                            |                2 |              6 |
|  clk_IBUF_BUFG    | db9/out[6]_i_1_n_0                                                                                                                             | db4/rst_n                                                                                                                                           |                1 |              6 |
|  clk_IBUF_BUFG    | mon/mon_regs/reg_s/val_reg[3]_3[0]                                                                                                             | mon/mon_chans/chan_31/rst_n                                                                                                                         |                4 |              6 |
|  clk_IBUF_BUFG    | db3/out[12]_i_1_n_0                                                                                                                            | mon/usb_if/msg_sndr/rst_n                                                                                                                           |                3 |              6 |
|  clk_IBUF_BUFG    | mon/mon_regs/reg_s/val_reg[2]_0[0]                                                                                                             | mon/mon_chans/chan_31/rst_n                                                                                                                         |                3 |              6 |
|  clk_IBUF_BUFG    | mon/mon_regs/reg_s/out_reg[1]_0[0]                                                                                                             | mon/mon_chans/chan_31/rst_n                                                                                                                         |                2 |              6 |
|  clk_IBUF_BUFG    | mon/mon_regs/reg_s/val_reg[5]_0[0]                                                                                                             | mon/mon_chans/chan_31/rst_n                                                                                                                         |                2 |              6 |
|  clk_IBUF_BUFG    |                                                                                                                                                | mon/mon_dsky/rst_n                                                                                                                                  |                3 |              6 |
|  clk_IBUF_BUFG    | mon/mon_regs/reg_s/val_reg[3]_4[0]                                                                                                             | mon/mon_chans/chan_31/rst_n                                                                                                                         |                3 |              6 |
|  clk_IBUF_BUFG    | mon/mon_regs/reg_s/out_reg[1][0]                                                                                                               | mon/mon_chans/chan_31/rst_n                                                                                                                         |                2 |              6 |
|  clk_IBUF_BUFG    | mon/mon_regs/reg_s/val_reg[5]_1[0]                                                                                                             | mon/mon_chans/chan_31/rst_n                                                                                                                         |                3 |              6 |
|  clk_IBUF_BUFG    | mon/mon_regs/reg_s/val_reg[5]_2[0]                                                                                                             | mon/mon_chans/chan_30/rst_n                                                                                                                         |                3 |              7 |
|  clkout_IBUF_BUFG | mon/usb_if/cmd_rx/cmd_msg[39]_i_1_n_0                                                                                                          | mon/usb_if/cmd_rx/rst_n                                                                                                                             |                2 |              7 |
|  clk_IBUF_BUFG    | mon/mon_regs/reg_s/val_reg[1]_2[0]                                                                                                             | mon/mon_dsky/reset_in                                                                                                                               |                5 |              7 |
|  clk_IBUF_BUFG    | mon/cmd_ctrl/state_reg[2]_0[0]                                                                                                                 | mon/mon_chans/chan_31/rst_n                                                                                                                         |                3 |              7 |
|  clk_IBUF_BUFG    |                                                                                                                                                | mon/mon_chans/chan_30/rst_n                                                                                                                         |                4 |              7 |
|  clk_IBUF_BUFG    | mon/cmd_ctrl/active_cmd_reg[16]_4[0]                                                                                                           | mon/ctrl_regs/stop_conds[10]_i_2_n_0                                                                                                                |                2 |              7 |
|  clk_IBUF_BUFG    | mon/periph_insts/req_bb_q                                                                                                                      | mon/usb_if/cmd_rx/rst_n                                                                                                                             |                3 |              7 |
|  clk_IBUF_BUFG    | mon/mon_regs/reg_s/val_reg[5]_3[0]                                                                                                             | mon/mon_chans/chan_31/rst_n                                                                                                                         |                3 |              7 |
|  clk_IBUF_BUFG    | mon/mon_regs/reg_s/val_reg[3]_3[0]                                                                                                             | mon/mon_dsky/reset_in                                                                                                                               |                2 |              7 |
|  clk_IBUF_BUFG    | mon/mon_chans/chan_10/prio_disp                                                                                                                | mon/mon_dsky/reset_in                                                                                                                               |                1 |              7 |
|  clk_IBUF_BUFG    | mon/mon_regs/reg_s/val_reg[5]_1[0]                                                                                                             | mon/mon_dsky/rst_n                                                                                                                                  |                2 |              7 |
|  clkout_IBUF_BUFG | mon/usb_if/read_byte_queue/U0/inst_fifo_gen/gconvfifo.rf/grf.rf/gntv_or_sync_fifo.gl0.rd/gr1.gr1_int.rfwft/E[0]                                | mon/usb_if/read_byte_queue/U0/inst_fifo_gen/gconvfifo.rf/grf.rf/rstblk/SR[0]                                                                        |                1 |              8 |
|  clk_IBUF_BUFG    | mon/mon_regs/reg_s/val_reg[1]_1[0]                                                                                                             | mon/mon_dsky/rst_n                                                                                                                                  |                3 |              8 |
|  clk_IBUF_BUFG    | mon/mon_regs/reg_s/val_reg[2]_1[0]                                                                                                             | mon/mon_dsky/rst_n                                                                                                                                  |                3 |              8 |
|  clkout_IBUF_BUFG | mon/usb_if/cmd_rx/cmd_msg[15]_i_1_n_0                                                                                                          | mon/usb_if/cmd_rx/rst_n                                                                                                                             |                1 |              8 |
|  clk_IBUF_BUFG    |                                                                                                                                                | mon/usb_if/cmd_rx/rst_n                                                                                                                             |                6 |              8 |
|  clk_IBUF_BUFG    | mon/periph_insts/req_bb_q                                                                                                                      | mon/mon_dsky/reset_in                                                                                                                               |                4 |              8 |
|  clk_IBUF_BUFG    | mon/periph_insts/req_bb_q                                                                                                                      | mon/mon_chans/chan_30/rst_n                                                                                                                         |                2 |              8 |
|  clk_IBUF_BUFG    | mon/mon_regs/reg_s/val_reg[5]_3[0]                                                                                                             | mon/mon_chans/chan_30/rst_n                                                                                                                         |                5 |              8 |
|  clkout_IBUF_BUFG | mon/usb_if/cmd_rx/cmd_msg[23]_i_1_n_0                                                                                                          | mon/usb_if/cmd_rx/rst_n                                                                                                                             |                1 |              8 |
|  clkout_IBUF_BUFG | mon/usb_if/cmd_rx/cmd_msg[31]_i_1_n_0                                                                                                          | mon/usb_if/cmd_rx/rst_n                                                                                                                             |                2 |              8 |
|  clk_IBUF_BUFG    | mon/cmd_ctrl/active_cmd_reg[18]_1[0]                                                                                                           | mon/ctrl_regs/rst_n_0                                                                                                                               |                2 |              8 |
|  clkout_IBUF_BUFG | mon/usb_if/cmd_rx/cmd_msg[7]_i_1_n_0                                                                                                           | mon/usb_if/cmd_rx/rst_n                                                                                                                             |                1 |              8 |
|  clk_IBUF_BUFG    | mon/mon_regs/reg_s/out_reg[1]_0[0]                                                                                                             | mon/mon_chans/chan_30/rst_n                                                                                                                         |                5 |              9 |
|  clk_IBUF_BUFG    | mon/mon_regs/reg_s/out_reg[1][0]                                                                                                               | mon/mon_chans/chan_30/rst_n                                                                                                                         |                7 |              9 |
|  clkout_IBUF_BUFG |                                                                                                                                                | mon/usb_if/cmd_queue/U0/inst_fifo_gen/gconvfifo.rf/grf.rf/rstblk/ngwrdrst.grst.g7serrst.gnsckt_wrst.rst_wr_reg2_inst/arststages_ff[1]               |                2 |              9 |
|  clk_IBUF_BUFG    | mon/mon_regs/reg_s/val_reg[2]_0[0]                                                                                                             | mon/mon_chans/chan_30/rst_n                                                                                                                         |                4 |              9 |
|  clk_IBUF_BUFG    |                                                                                                                                                | mon/usb_if/read_byte_queue/U0/inst_fifo_gen/gconvfifo.rf/grf.rf/rstblk/ngwrdrst.grst.g7serrst.gnsckt_wrst.rst_wr_reg2_inst/arststages_ff[1]         |                3 |              9 |
|  clk_IBUF_BUFG    | mon/mon_regs/reg_s/val_reg[3]_4[0]                                                                                                             | mon/mon_chans/chan_30/rst_n                                                                                                                         |                6 |              9 |
|  clk_IBUF_BUFG    | mon/mon_regs/reg_s/val_reg[5]_0[0]                                                                                                             | mon/mon_chans/chan_30/rst_n                                                                                                                         |                7 |              9 |
|  clk_IBUF_BUFG    | mon/cmd_ctrl/active_cmd_reg[19]_2[0]                                                                                                           | mon/ctrl_regs/stop_conds[10]_i_2_n_0                                                                                                                |                3 |              9 |
|  clk_IBUF_BUFG    | mon/cmd_ctrl/active_cmd_reg[18]_3[0]                                                                                                           | mon/ctrl_regs/rst_n_0                                                                                                                               |                2 |              9 |
|  clk_IBUF_BUFG    | mon/cmd_ctrl/active_cmd_reg[18]_4[0]                                                                                                           | mon/ctrl_regs/stop_conds[10]_i_2_n_0                                                                                                                |                3 |              9 |
|  clk_IBUF_BUFG    | mon/cmd_ctrl/active_cmd_reg[18]_5[0]                                                                                                           | mon/ctrl_regs/stop_conds[10]_i_2_n_0                                                                                                                |                4 |              9 |
|  clkout_IBUF_BUFG |                                                                                                                                                | mon/usb_if/read_byte_queue/U0/inst_fifo_gen/gconvfifo.rf/grf.rf/rstblk/SR[0]                                                                        |                3 |             10 |
|  clk_IBUF_BUFG    |                                                                                                                                                | mon/usb_if/cmd_queue/U0/inst_fifo_gen/gconvfifo.rf/grf.rf/rstblk/AS[0]                                                                              |                3 |             10 |
|  clk_IBUF_BUFG    | mon/mon_chans/chan_10/val_reg[15]_3[0]                                                                                                         | mon/mon_dsky/rst_n                                                                                                                                  |                2 |             10 |
|  clk_IBUF_BUFG    | mon/mon_chans/chan_10/val_reg[15]_2[2]                                                                                                         | mon/mon_dsky/reset_in                                                                                                                               |                2 |             10 |
|  clk_IBUF_BUFG    | mon/mon_chans/chan_10/val_reg[15]_2[1]                                                                                                         | mon/mon_dsky/reset_in                                                                                                                               |                2 |             10 |
|  clk_IBUF_BUFG    | mon/mon_chans/chan_10/val_reg[14]_2[0]                                                                                                         | mon/mon_dsky/rst_n                                                                                                                                  |                3 |             10 |
|  clk_IBUF_BUFG    | mon/mon_chans/chan_10/val_reg[14]_1[0]                                                                                                         | mon/mon_dsky/rst_n                                                                                                                                  |                3 |             10 |
|  clk_IBUF_BUFG    | mon/cmd_ctrl/active_cmd_reg[16]_3[0]                                                                                                           | mon/ctrl_regs/stop_conds[10]_i_2_n_0                                                                                                                |                3 |             10 |
|  clk_IBUF_BUFG    | mon/cmd_ctrl/active_cmd_reg[16]_5[0]                                                                                                           | mon/ctrl_regs/stop_conds[10]_i_2_n_0                                                                                                                |                2 |             11 |
|  clk_IBUF_BUFG    | mon/cmd_ctrl/active_cmd_reg[18]_7[0]                                                                                                           | mon/ctrl_regs/stop_conds[10]_i_2_n_0                                                                                                                |                5 |             11 |
|  clk_IBUF_BUFG    | mon/mon_chans/chan_10/E[1]                                                                                                                     | mon/mon_dsky/rst_n                                                                                                                                  |                3 |             11 |
|  clk_IBUF_BUFG    | mon/mon_chans/chan_10/E[2]                                                                                                                     | mon/mon_dsky/rst_n                                                                                                                                  |                3 |             11 |
|  clk_IBUF_BUFG    | mon/mon_chans/chan_10/val_reg[14]_0[0]                                                                                                         | mon/mon_dsky/reset_in                                                                                                                               |                3 |             11 |
|  clk_IBUF_BUFG    | mon/mon_chans/chan_10/val_reg[14]_0[1]                                                                                                         | mon/mon_dsky/reset_in                                                                                                                               |                2 |             11 |
|  clk_IBUF_BUFG    | mon/mon_regs/reg_s/val_reg[3]_2[0]                                                                                                             | mon/mon_dsky/rst_n                                                                                                                                  |                6 |             11 |
|  clk_IBUF_BUFG    | mon/cmd_ctrl/active_cmd_reg[20]_0[0]                                                                                                           | mon/ctrl_regs/stop_conds[10]_i_2_n_0                                                                                                                |                4 |             12 |
|  clk_IBUF_BUFG    | mon/cmd_ctrl/active_cmd_reg[18]_8[0]                                                                                                           | mon/ctrl_regs/stop_conds[10]_i_2_n_0                                                                                                                |                4 |             12 |
|  clk_IBUF_BUFG    | db3/Q[1]                                                                                                                                       | mon/ctrl_regs/rst_n                                                                                                                                 |                2 |             12 |
|  clk_IBUF_BUFG    | mon/cmd_ctrl/active_cmd_reg[20]_1[0]                                                                                                           | mon/ctrl_regs/stop_conds[10]_i_2_n_0                                                                                                                |                3 |             12 |
|  clk_IBUF_BUFG    | mon/cmd_ctrl/active_cmd_reg[17]_0[0]                                                                                                           | mon/ctrl_regs/rst_n_0                                                                                                                               |                5 |             12 |
|  clk_IBUF_BUFG    |                                                                                                                                                | mon/ctrl_regs/rst_n_0                                                                                                                               |                9 |             12 |
|  clk_IBUF_BUFG    | mon/ctrl_regs/adv_s_reg_0[0]                                                                                                                   | mon/mon_chans/chan_31/rst_n                                                                                                                         |                4 |             12 |
|  clk_IBUF_BUFG    | mon/cmd_ctrl/active_cmd_reg[16]_1[0]                                                                                                           | mon/ctrl_regs/rst_n_0                                                                                                                               |                4 |             12 |
|  clk_IBUF_BUFG    | mon/mon_regs/reg_s/val[12]_i_1__7_n_0                                                                                                          | mon/mon_regs/reg_b/rst_n                                                                                                                            |                3 |             12 |
|  clk_IBUF_BUFG    |                                                                                                                                                | mon/ctrl_regs/rst_n                                                                                                                                 |               10 |             13 |
|  clk_IBUF_BUFG    | mon/periph_insts/req_bb_q                                                                                                                      | mon/usb_if/msg_sndr/rst_n                                                                                                                           |                3 |             13 |
|  clk_IBUF_BUFG    | db24/E[0]                                                                                                                                      | mon/mon_regs/reg_q/rst_n                                                                                                                            |                6 |             13 |
|  clk_IBUF_BUFG    | db4/out[16]_i_1_n_0                                                                                                                            | mon/mon_regs/reg_q/rst_n                                                                                                                            |                2 |             14 |
|  clk_IBUF_BUFG    | mon/ctrl_regs/adc_mtemp                                                                                                                        | mon/ctrl_regs/rst_n                                                                                                                                 |                4 |             15 |
|  clk_IBUF_BUFG    | mon/mon_regs/reg_s/val_reg[3]_1[0]                                                                                                             | mon/mon_regs/reg_b/rst_n                                                                                                                            |                6 |             15 |
|  clk_IBUF_BUFG    | mon/mon_regs/reg_s/val_reg[1]_0[0]                                                                                                             | mon/mon_regs/reg_b/rst_n                                                                                                                            |                6 |             15 |
|  clk_IBUF_BUFG    | db19/mwbg_db                                                                                                                                   | mon/mon_regs/reg_b/rst_n                                                                                                                            |                6 |             16 |
|  clk_IBUF_BUFG    | db22/mwyg_db                                                                                                                                   | mon/mon_regs/reg_q/rst_n                                                                                                                            |                7 |             16 |
|  clk_IBUF_BUFG    | db13/mwlg_db                                                                                                                                   | mon/mon_regs/reg_b/rst_n                                                                                                                            |                6 |             16 |
|  clk_IBUF_BUFG    | db18/mwzg_db                                                                                                                                   | mon/mon_regs/reg_q/rst_n                                                                                                                            |                6 |             16 |
|  clk_IBUF_BUFG    | mon/usb_if/msg_sndr/active_msg[39]_i_1_n_0                                                                                                     | mon/usb_if/msg_sndr/rst_n                                                                                                                           |                5 |             16 |
|  clk_IBUF_BUFG    |                                                                                                                                                | mon/mon_regs/reg_b/rst_n                                                                                                                            |                8 |             16 |
|  clk_IBUF_BUFG    | db12/mwag_db                                                                                                                                   | mon/mon_regs/reg_b/rst_n                                                                                                                            |                9 |             16 |
|  clk_IBUF_BUFG    | mon/periph_insts/read_data_q                                                                                                                   | mon/mon_chans/chan_30/rst_n                                                                                                                         |                8 |             16 |
|  clk_IBUF_BUFG    | mon/cmd_ctrl/E[0]                                                                                                                              | mon/mon_chans/chan_30/rst_n                                                                                                                         |                8 |             16 |
|  clk_IBUF_BUFG    | mon/cmd_ctrl/active_cmd_reg[21]_10[0]                                                                                                          | mon/ctrl_regs/rst_n_0                                                                                                                               |                5 |             16 |
|  clk_IBUF_BUFG    | mon/cmd_ctrl/active_cmd_reg[39]_0[0]                                                                                                           | mon/usb_if/cmd_rx/rst_n                                                                                                                             |                8 |             16 |
|  clk_IBUF_BUFG    | db14/mwqg_db                                                                                                                                   | mon/mon_regs/reg_q/rst_n                                                                                                                            |                6 |             16 |
|  clk_IBUF_BUFG    | mon/ctrl_regs/adc_bplssw                                                                                                                       | mon/ctrl_regs/rst_n                                                                                                                                 |                3 |             16 |
|  clk_IBUF_BUFG    | mon/ctrl_regs/adc_p4sw                                                                                                                         | mon/ctrl_regs/rst_n                                                                                                                                 |                3 |             16 |
|  clk_IBUF_BUFG    | mon/ctrl_regs/adc_temp                                                                                                                         | mon/ctrl_regs/rst_n                                                                                                                                 |                4 |             16 |
|  clk_IBUF_BUFG    | mon/ctrl_regs/adc_vccaux                                                                                                                       | mon/ctrl_regs/rst_n                                                                                                                                 |                4 |             16 |
|  clk_IBUF_BUFG    | mon/ctrl_regs/adc_vccint                                                                                                                       | mon/ctrl_regs/rst_n                                                                                                                                 |                4 |             16 |
|  clk_IBUF_BUFG    | mon/ctrl_regs/w_mode_reg[0]_0[0]                                                                                                               | mon/mon_regs/reg_q/rst_n                                                                                                                            |                8 |             16 |
|  clk_IBUF_BUFG    | mon/mon_dsky/rywd_timer[0]_i_1_n_0                                                                                                             | db4/rst_n                                                                                                                                           |                5 |             19 |
|  clk_IBUF_BUFG    |                                                                                                                                                | mon/mon_dsky/reset_in                                                                                                                               |               11 |             20 |
|  clk_IBUF_BUFG    |                                                                                                                                                | mon/mon_chans/chan_31/rst_n                                                                                                                         |                8 |             21 |
|  clk_IBUF_BUFG    | mon/usb_if/read_msg_queue/U0/inst_fifo_gen/gconvfifo.rf/grf.rf/gntv_or_sync_fifo.gl0.rd/gr1.gr1_int.rfwft/E[0]                                 | mon/usb_if/msg_sndr/rst_n                                                                                                                           |                5 |             22 |
|  clk_IBUF_BUFG    | mon/usb_if/cmd_queue/U0/inst_fifo_gen/gconvfifo.rf/grf.rf/gntv_or_sync_fifo.gl0.rd/gr1.gr1_int.rfwft/ram_empty_fb_i_reg[0]                     | mon/usb_if/cmd_queue/U0/inst_fifo_gen/gconvfifo.rf/grf.rf/rstblk/AS[0]                                                                              |                4 |             22 |
|  clk_IBUF_BUFG    | mon/usb_if/read_msg_queue/U0/inst_fifo_gen/gconvfifo.rf/grf.rf/gntv_or_sync_fifo.gl0.wr/gwss.wsts/wr_en_0[0]                                   | mon/usb_if/msg_sndr/rst_n                                                                                                                           |                6 |             22 |
|  clk_IBUF_BUFG    | mon/usb_if/msg_sndr/active_msg[39]_i_1_n_0                                                                                                     | mon/usb_if/msg_sndr/rst_n_0                                                                                                                         |               10 |             24 |
|  clk_IBUF_BUFG    |                                                                                                                                                | mon/mon_regs/reg_q/rst_n                                                                                                                            |               17 |             28 |
|  clkout_IBUF_BUFG | mon/usb_if/cmd_queue/U0/inst_fifo_gen/gconvfifo.rf/grf.rf/gntv_or_sync_fifo.gl0.wr/gwas.wsts/E[0]                                              | mon/usb_if/cmd_queue/U0/inst_fifo_gen/gconvfifo.rf/grf.rf/rstblk/AR[0]                                                                              |                6 |             33 |
|  clk_IBUF_BUFG    | mon/cmd_ctrl/state_reg[2]_0[0]                                                                                                                 | mon/ctrl_regs/rst_n_0                                                                                                                               |               11 |             33 |
|  clk_IBUF_BUFG    | mon/usb_if/read_byte_queue/U0/inst_fifo_gen/gconvfifo.rf/grf.rf/gntv_or_sync_fifo.gl0.wr/gwas.wsts/E[0]                                        | mon/usb_if/read_byte_queue/U0/inst_fifo_gen/gconvfifo.rf/grf.rf/rstblk/AR[0]                                                                        |                8 |             39 |
|  clkout_IBUF_BUFG | mon/usb_if/read_byte_queue/U0/inst_fifo_gen/gconvfifo.rf/grf.rf/gntv_or_sync_fifo.gl0.rd/gr1.gr1_int.rfwft/p_8_out                             | mon/usb_if/read_byte_queue/U0/inst_fifo_gen/gconvfifo.rf/grf.rf/rstblk/SR[0]                                                                        |                7 |             39 |
|  clk_IBUF_BUFG    | mon/usb_if/cmd_queue/U0/inst_fifo_gen/gconvfifo.rf/grf.rf/gntv_or_sync_fifo.gl0.rd/gr1.gr1_int.rfwft/E[0]                                      | mon/usb_if/cmd_queue/U0/inst_fifo_gen/gconvfifo.rf/grf.rf/rstblk/AS[0]                                                                              |                7 |             40 |
|  clk_IBUF_BUFG    | mon/usb_if/read_msg_queue/U0/inst_fifo_gen/gconvfifo.rf/grf.rf/gntv_or_sync_fifo.gl0.rd/gr1.gr1_int.rfwft/gpregsm1.curr_fwft_state_reg[1]_0[0] | mon/usb_if/msg_sndr/rst_n                                                                                                                           |               11 |             40 |
|  clk_IBUF_BUFG    |                                                                                                                                                | mon/usb_if/msg_sndr/rst_n_0                                                                                                                         |               25 |             46 |
|  clk_IBUF_BUFG    |                                                                                                                                                | mon/usb_if/msg_sndr/rst_n                                                                                                                           |               29 |             59 |
|  clk_IBUF_BUFG    |                                                                                                                                                | db4/rst_n                                                                                                                                           |               22 |             63 |
|  clk_IBUF_BUFG    |                                                                                                                                                |                                                                                                                                                     |               29 |            104 |
|  clkout_IBUF_BUFG |                                                                                                                                                |                                                                                                                                                     |               29 |            105 |
+-------------------+------------------------------------------------------------------------------------------------------------------------------------------------+-----------------------------------------------------------------------------------------------------------------------------------------------------+------------------+----------------+


